bun : $ vite build
At line:1 char:102
+ ... utonomous-security-alert-system-09954cd0"; bun run build 2>&1 | Out-F ...
+                                                ~~~~~~~~~~~~~~~~~~
    + CategoryInfo          : NotSpecified: ($ vite build:String) [], RemoteEx 
   ception
    + FullyQualifiedErrorId : NativeCommandError
 
[36mvite v7.3.2 [32mbuilding client environment for production...[36m[39m
transforming...
[33m[plugin vite:esbuild] src/lib/api.ts: [33mDuplicate key "processVideo" 
in object literal[33m
377 |      ),
378 |  
379 |    processVideo: (filename: string, videoName?: string, camera_id?: 
number) =>
    |    ^
380 |      tryOrMock<{ ok: true; message: string }>(
381 |        async () => {
[39m
[32mΓ£ô[39m 2544 modules transformed.
rendering chunks...
computing gzip size...
[2m.output/public/[22m[35massets/styles-B0mr7Djm.css           [39m[1m[2m 86.29 kB[22m[1m[22m[2m Γöé gzip:  14.41 kB[22m
[2m.output/public/[22m[36massets/loader-circle-Bwkb1ZMM.js     [39m[1m[2m  0.15 kB[22m[1m[22m[2m Γöé gzip:   0.16 kB[22m
[2m.output/public/[22m[36massets/cloud-upload-DQBZWMbK.js      [39m[1m[2m  0.26 kB[22m[1m[22m[2m Γöé gzip:   0.22 kB[22m
[2m.output/public/[22m[36massets/triangle-alert-B22SILBs.js    [39m[1m[2m  0.28 kB[22m[1m[22m[2m Γöé gzip:   0.22 kB[22m
[2m.output/public/[22m[36massets/shield-B01hovsu.js            [39m[1m[2m  0.28 kB[22m[1m[22m[2m Γöé gzip:   0.23 kB[22m
[2m.output/public/[22m[36massets/camera-DCJ-LlDO.js            [39m[1m[2m  0.35 kB[22m[1m[22m[2m Γöé gzip:   0.26 kB[22m
[2m.output/public/[22m[36massets/key-round-BWEzaE9z.js         [39m[1m[2m  0.36 kB[22m[1m[22m[2m Γöé gzip:   0.26 kB[22m
[2m.output/public/[22m[36massets/PageHeader-CUzeT-d9.js        [39m[1m[2m  0.37 kB[22m[1m[22m[2m Γöé gzip:   0.26 kB[22m
[2m.output/public/[22m[36massets/volume-2-DMHQng8B.js          [39m[1m[2m  0.40 kB[22m[1m[22m[2m Γöé gzip:   0.28 kB[22m
[2m.output/public/[22m[36massets/bell-ring-Bz7bo1cO.js         [39m[1m[2m  0.41 kB[22m[1m[22m[2m Γöé gzip:   0.29 kB[22m
[2m.output/public/[22m[36massets/play-B3JJdGpf.js              [39m[1m[2m  0.80 kB[22m[1m[22m[2m Γöé gzip:   0.38 kB[22m
[2m.output/public/[22m[36massets/useAlertStream-DSE0E0RW.js    [39m[1m[2m  0.92 kB[22m[1m[22m[2m Γöé gzip:   0.56 kB[22m
[2m.output/public/[22m[36massets/createLucideIcon-C8-mVg4-.js  [39m[1m[2m  1.20 kB[22m[1m[22m[2m Γöé gzip:   0.69 kB[22m
[2m.output/public/[22m[36massets/login-CgZO6JEZ.js             [39m[1m[2m  3.10 kB[22m[1m[22m[2m Γöé gzip:   1.28 kB[22m
[2m.output/public/[22m[36massets/_app.settings-CdvrpHlG.js     [39m[1m[2m  3.22 kB[22m[1m[22m[2m Γöé gzip:   1.26 kB[22m
[2m.output/public/[22m[36massets/_app.alerts-PlPSRz35.js       [39m[1m[2m  3.29 kB[22m[1m[22m[2m Γöé gzip:   1.29 kB[22m
[2m.output/public/[22m[36massets/_app.incidents-LIvxCkUy.js    [39m[1m[2m  3.78 kB[22m[1m[22m[2m Γöé gzip:   1.33 kB[22m
[2m.output/public/[22m[36massets/_app.monitoring-Bi0kMfJj.js   [39m[1m[2m  5.67 kB[22m[1m[22m[2m Γöé gzip:   2.15 kB[22m
[2m.output/public/[22m[36massets/_app-DCfcKVik.js              [39m[1m[2m  7.95 kB[22m[1m[22m[2m Γöé gzip:   3.15 kB[22m
[2m.output/public/[22m[36massets/_app.users-Cr2LMdD9.js        [39m[1m[2m  8.24 kB[22m[1m[22m[2m Γöé gzip:   2.75 kB[22m
[2m.output/public/[22m[36massets/_app.uploads-DK9qZokg.js      [39m[1m[2m  9.26 kB[22m[1m[22m[2m Γöé gzip:   3.00 kB[22m
[2m.output/public/[22m[36massets/index-CGfRAVWT.js             [39m[1m[2m393.55 kB[22m[1m[22m[2m Γöé gzip: 123.58 kB[22m
[2m.output/public/[22m[36massets/_app.dashboard-DPFgmVtP.js    [39m[1m[2m397.62 kB[22m[1m[22m[2m Γöé gzip: 109.96 kB[22m
[32mΓ£ô built in 27.28s[39m
[36mvite v7.3.2 [32mbuilding ssr environment for production...[36m[39m
transforming...
[33m[plugin vite:esbuild] src/lib/api.ts: [33mDuplicate key "processVideo" 
in object literal[33m
377 |      ),
378 |  
379 |    processVideo: (filename: string, videoName?: string, camera_id?: 
number) =>
    |    ^
380 |      tryOrMock<{ ok: true; message: string }>(
381 |        async () => {
[39m
[33m"createRequestHandler", "defineHandlerCallback", 
"transformPipeableStreamWithRouter" and "transformReadableStreamWithRouter" 
are imported from external module "@tanstack/router-core/ssr/server" but never 
used in "node_modules/@tanstack/start-server-core/dist/esm/index.js".[39m
[33m"RawStream" is imported from external module "@tanstack/router-core" but 
never used in 
"node_modules/@tanstack/start-client-core/dist/esm/index.js".[39m
[33m"hydrate" and "json" are imported from external module 
"@tanstack/router-core/ssr/client" but never used in 
"node_modules/@tanstack/start-client-core/dist/esm/index.js".[39m
[32mΓ£ô[39m 75 modules transformed.
rendering chunks...
[2mnode_modules/.nitro/vite/services/ssr/[22m[35massets/styles-B0mr7Djm.css                             [39m[1m[2m86.29 kB[22m[1m[22m
[2mnode_modules/.nitro/vite/services/ssr/[22m[36massets/__23tanstack-start-plugin-adapters-Cwee5PKy.js  [39m[1m[2m 0.14 kB[22m[1m[22m
[2mnode_modules/.nitro/vite/services/ssr/[22m[36massets/PageHeader-BLcMc1hj.js                          [39m[1m[2m 0.54 kB[22m[1m[22m
[2mnode_modules/.nitro/vite/services/ssr/[22m[36massets/start-BM2dM3TI.js                               [39m[1m[2m 1.98 kB[22m[1m[22m
[2mnode_modules/.nitro/vite/services/ssr/[22m[36massets/useAlertStream-CWWCRT2l.js                      [39m[1m[2m 2.14 kB[22m[1m[22m
[2mnode_modules/.nitro/vite/services/ssr/[22m[36mindex.js                                               [39m[1m[2m 3.32 kB[22m[1m[22m
[2mnode_modules/.nitro/vite/services/ssr/[22m[36massets/_tanstack-start-manifest_v-CrpLMyUo.js          [39m[1m[2m 3.41 kB[22m[1m[22m
[2mnode_modules/.nitro/vite/services/ssr/[22m[36massets/login-7cnWEOXk.js                               [39m[1m[2m 4.38 kB[22m[1m[22m
[2mnode_modules/.nitro/vite/services/ssr/[22m[36massets/_app.settings-BXCbrEOu.js                       [39m[1m[2m 4.55 kB[22m[1m[22m
[2mnode_modules/.nitro/vite/services/ssr/[22m[36massets/_app.alerts-CprXul84.js                         [39m[1m[2m 5.03 kB[22m[1m[22m
[2mnode_modules/.nitro/vite/services/ssr/[22m[36massets/_app.incidents-D3zoIYa2.js                      [39m[1m[2m 5.51 kB[22m[1m[22m
[2mnode_modules/.nitro/vite/services/ssr/[22m[36massets/_app.dashboard-C_k6AqvI.js                      [39m[1m[2m 6.96 kB[22m[1m[22m
[2mnode_modules/.nitro/vite/services/ssr/[22m[36massets/_app.monitoring-aGRB4ibo.js                     [39m[1m[2m 8.19 kB[22m[1m[22m
[2mnode_modules/.nitro/vite/services/ssr/[22m[36massets/_app-MXPViTdi.js                                [39m[1m[2m 8.78 kB[22m[1m[22m
[2mnode_modules/.nitro/vite/services/ssr/[22m[36massets/_app.users-WUVewwkb.js                          [39m[1m[2m10.62 kB[22m[1m[22m
[2mnode_modules/.nitro/vite/services/ssr/[22m[36massets/_app.uploads-BPAqVfRE.js                        [39m[1m[2m13.77 kB[22m[1m[22m
[2mnode_modules/.nitro/vite/services/ssr/[22m[36massets/router-BzhK4LJ6.js                              [39m[1m[2m21.09 kB[22m[1m[22m
[2mnode_modules/.nitro/vite/services/ssr/[22m[36massets/server-DEtRjZmq.js                              [39m[1m[2m38.80 kB[22m[1m[22m
[32mΓ£ô built in 2.69s[39m

[90m[[90mnitro[90m][39m [35mΓùÉ[39m Building [[35mNitro[39m] [2m(preset: [36mcloudflare-module[39m, compatibility: [36m2026-07-01[39m)[22m
[90m[[90mnitro[90m][39m [32mΓ£ö[39m Generated public [36m.output/public[39m
[36mvite v7.3.2 [32mbuilding nitro environment for production...[36m[39m
[33mUnknown input options: platform. Allowed options: cache, context, 
experimentalCacheExpiry, experimentalLogSideEffects, external, fs, input, jsx, 
logLevel, makeAbsoluteExternalsRelative, maxParallelFileOps, moduleContext, 
onLog, onwarn, perf, plugins, preserveEntrySignatures, preserveSymlinks, 
shimMissingExports, strictDeprecations, treeshake, watch[39m
transforming...
[33mnode_modules/@tanstack/react-router/dist/esm/index.js (1:0): Module level 
directives cause errors when bundled, "use client" in 
"node_modules/@tanstack/react-router/dist/esm/index.js" was ignored.[39m
[33mnode_modules/sonner/dist/index.mjs (1:0): Module level directives cause 
errors when bundled, "use client" in "node_modules/sonner/dist/index.mjs" was 
ignored.[39m
[33mnode_modules/@tanstack/react-router/dist/esm/ClientOnly.js (1:0): Module 
level directives cause errors when bundled, "use client" in 
"node_modules/@tanstack/react-router/dist/esm/ClientOnly.js" was ignored.[39m
[33mnode_modules/@tanstack/react-router/dist/esm/useNavigate.js (1:0): Module 
level directives cause errors when bundled, "use client" in 
"node_modules/@tanstack/react-router/dist/esm/useNavigate.js" was ignored.[39m
[33mnode_modules/@tanstack/react-router/dist/esm/RouterProvider.js (1:0): 
Module level directives cause errors when bundled, "use client" in 
"node_modules/@tanstack/react-router/dist/esm/RouterProvider.js" was 
ignored.[39m
[33mnode_modules/@tanstack/react-router/dist/esm/useBlocker.js (1:0): Module 
level directives cause errors when bundled, "use client" in 
"node_modules/@tanstack/react-router/dist/esm/useBlocker.js" was ignored.[39m
[33mnode_modules/@tanstack/react-router/dist/esm/useRouterState.js (1:0): 
Module level directives cause errors when bundled, "use client" in 
"node_modules/@tanstack/react-router/dist/esm/useRouterState.js" was 
ignored.[39m
[33mnode_modules/@tanstack/react-router/dist/esm/useLocation.js (1:0): Module 
level directives cause errors when bundled, "use client" in 
"node_modules/@tanstack/react-router/dist/esm/useLocation.js" was ignored.[39m
[33mnode_modules/@tanstack/react-router/dist/esm/HeadContent.js (1:0): Module 
level directives cause errors when bundled, "use client" in 
"node_modules/@tanstack/react-router/dist/esm/HeadContent.js" was ignored.[39m
[33mnode_modules/@tanstack/react-query/build/modern/useQueries.js (1:0): 
Module level directives cause errors when bundled, "use client" in 
"node_modules/@tanstack/react-query/build/modern/useQueries.js" was 
ignored.[39m
[33mnode_modules/@tanstack/react-query/build/modern/useQuery.js (1:0): Module 
level directives cause errors when bundled, "use client" in 
"node_modules/@tanstack/react-query/build/modern/useQuery.js" was ignored.[39m
[33mnode_modules/@tanstack/react-query/build/modern/QueryClientProvider.js 
(1:0): Module level directives cause errors when bundled, "use client" in 
"node_modules/@tanstack/react-query/build/modern/QueryClientProvider.js" was 
ignored.[39m
[33mnode_modules/@tanstack/react-query/build/modern/HydrationBoundary.js 
(1:0): Module level directives cause errors when bundled, "use client" in 
"node_modules/@tanstack/react-query/build/modern/HydrationBoundary.js" was 
ignored.[39m
[33mnode_modules/@tanstack/react-query/build/modern/QueryErrorResetBoundary.js
 (1:0): Module level directives cause errors when bundled, "use client" in 
"node_modules/@tanstack/react-query/build/modern/QueryErrorResetBoundary.js" 
was ignored.[39m
[33mnode_modules/@tanstack/react-query/build/modern/useIsFetching.js (1:0): 
Module level directives cause errors when bundled, "use client" in 
"node_modules/@tanstack/react-query/build/modern/useIsFetching.js" was 
ignored.[39m
[33mnode_modules/@tanstack/react-query/build/modern/useMutationState.js 
(1:0): Module level directives cause errors when bundled, "use client" in 
"node_modules/@tanstack/react-query/build/modern/useMutationState.js" was 
ignored.[39m
[33mnode_modules/@tanstack/react-query/build/modern/useMutation.js (1:0): 
Module level directives cause errors when bundled, "use client" in 
"node_modules/@tanstack/react-query/build/modern/useMutation.js" was 
ignored.[39m
[33mnode_modules/@tanstack/react-query/build/modern/useInfiniteQuery.js 
(1:0): Module level directives cause errors when bundled, "use client" in 
"node_modules/@tanstack/react-query/build/modern/useInfiniteQuery.js" was 
ignored.[39m
[33mnode_modules/@tanstack/react-query/build/modern/IsRestoringProvider.js 
(1:0): Module level directives cause errors when bundled, "use client" in 
"node_modules/@tanstack/react-query/build/modern/IsRestoringProvider.js" was 
ignored.[39m
[33mnode_modules/@tanstack/react-router/dist/esm/Match.js (1:0): Module level 
directives cause errors when bundled, "use client" in 
"node_modules/@tanstack/react-router/dist/esm/Match.js" was ignored.[39m
[33mnode_modules/@tanstack/react-router/dist/esm/utils.js (1:0): Module level 
directives cause errors when bundled, "use client" in 
"node_modules/@tanstack/react-router/dist/esm/utils.js" was ignored.[39m
[33mnode_modules/@tanstack/react-router/dist/esm/routerContext.js (1:0): 
Module level directives cause errors when bundled, "use client" in 
"node_modules/@tanstack/react-router/dist/esm/routerContext.js" was 
ignored.[39m
[33mnode_modules/@tanstack/react-router/dist/esm/link.js (1:0): Module level 
directives cause errors when bundled, "use client" in 
"node_modules/@tanstack/react-router/dist/esm/link.js" was ignored.[39m
[33mnode_modules/@tanstack/react-router/dist/esm/Matches.js (1:0): Module 
level directives cause errors when bundled, "use client" in 
"node_modules/@tanstack/react-router/dist/esm/Matches.js" was ignored.[39m
[33mnode_modules/@tanstack/react-router/dist/esm/Asset.js (1:0): Module level 
directives cause errors when bundled, "use client" in 
"node_modules/@tanstack/react-router/dist/esm/Asset.js" was ignored.[39m
[33mnode_modules/@tanstack/react-router/dist/esm/useMatch.js (1:0): Module 
level directives cause errors when bundled, "use client" in 
"node_modules/@tanstack/react-router/dist/esm/useMatch.js" was ignored.[39m
[33mnode_modules/@tanstack/react-router/dist/esm/useRouter.js (1:0): Module 
level directives cause errors when bundled, "use client" in 
"node_modules/@tanstack/react-router/dist/esm/useRouter.js" was ignored.[39m
[33mnode_modules/@tanstack/react-router/dist/esm/CatchBoundary.js (1:0): 
Module level directives cause errors when bundled, "use client" in 
"node_modules/@tanstack/react-router/dist/esm/CatchBoundary.js" was 
ignored.[39m
[33mnode_modules/@tanstack/react-query/build/modern/useSuspenseQuery.js 
(1:0): Module level directives cause errors when bundled, "use client" in 
"node_modules/@tanstack/react-query/build/modern/useSuspenseQuery.js" was 
ignored.[39m
[33mnode_modules/@tanstack/react-query/build/modern/useSuspenseQueries.js 
(1:0): Module level directives cause errors when bundled, "use client" in 
"node_modules/@tanstack/react-query/build/modern/useSuspenseQueries.js" was 
ignored.[39m
[33mnode_modules/@tanstack/react-query/build/modern/useSuspenseInfiniteQuery.j
s (1:0): Module level directives cause errors when bundled, "use client" in 
"node_modules/@tanstack/react-query/build/modern/useSuspenseInfiniteQuery.js" 
was ignored.[39m
[33mnode_modules/@tanstack/react-query/build/modern/errorBoundaryUtils.js 
(1:0): Module level directives cause errors when bundled, "use client" in 
"node_modules/@tanstack/react-query/build/modern/errorBoundaryUtils.js" was 
ignored.[39m
[33mnode_modules/@tanstack/react-router/dist/esm/matchContext.js (1:0): 
Module level directives cause errors when bundled, "use client" in 
"node_modules/@tanstack/react-router/dist/esm/matchContext.js" was 
ignored.[39m
[33mnode_modules/@tanstack/react-router/dist/esm/Transitioner.js (1:0): 
Module level directives cause errors when bundled, "use client" in 
"node_modules/@tanstack/react-router/dist/esm/Transitioner.js" was 
ignored.[39m
[33mnode_modules/@tanstack/react-query/build/modern/useBaseQuery.js (1:0): 
Module level directives cause errors when bundled, "use client" in 
"node_modules/@tanstack/react-query/build/modern/useBaseQuery.js" was 
ignored.[39m
[32mΓ£ô[39m 2574 modules transformed.
rendering chunks...
[2m.output/server/[22m[36m_libs/unstorage.mjs                              [39m[1m[2m  0.00 kB[22m[1m[22m
[2m.output/server/[22m[36m_libs/use-sync-external-store.mjs                [39m[1m[2m  0.00 kB[22m[1m[22m
[2m.output/server/[22m[36m_libs/croner.mjs                                 [39m[1m[2m  0.00 kB[22m[1m[22m
[2m.output/server/[22m[36m_libs/ufo.mjs                                    [39m[1m[2m  0.00 kB[22m[1m[22m
[2m.output/server/[22m[36m_libs/ohash.mjs                                  [39m[1m[2m  0.00 kB[22m[1m[22m
[2m.output/server/[22m[36m_libs/ocache.mjs                                 [39m[1m[2m  0.00 kB[22m[1m[22m
[2m.output/server/[22m[36m_libs/tanstack__store.mjs                        [39m[1m[2m  0.00 kB[22m[1m[22m
[2m.output/server/[22m[36m_libs/babel__runtime.mjs                         [39m[1m[2m  0.00 kB[22m[1m[22m
[2m.output/server/[22m[36m_libs/dom-helpers.mjs                            [39m[1m[2m  0.00 kB[22m[1m[22m
[2m.output/server/[22m[36m_libs/tanstack__react-store.mjs                  [39m[1m[2m  0.02 kB[22m[1m[22m
[2m.output/server/[22m[36m_libs/crossws.mjs                                [39m[1m[2m  0.03 kB[22m[1m[22m
[2m.output/server/[22m[36m_libs/react-transition-group.mjs                 [39m[1m[2m  0.05 kB[22m[1m[22m
[2m.output/server/[22m[36m__23tanstack-start-plugin-adapters-Cwee5PKy.mjs  [39m[1m[2m  0.14 kB[22m[1m[22m
[2m.output/server/[22m[36m_libs/tiny-invariant.mjs                         [39m[1m[2m  0.14 kB[22m[1m[22m
[2m.output/server/[22m[36m_libs/srvx.mjs                                   [39m[1m[2m  0.20 kB[22m[1m[22m
[2m.output/server/[22m[36m_libs/rou3.mjs                                   [39m[1m[2m  0.21 kB[22m[1m[22m
[2m.output/server/[22m[36m_libs/tanstack__react-query.mjs                  [39m[1m[2m  0.46 kB[22m[1m[22m
[2m.output/server/[22m[36m_libs/clsx.mjs                                   [39m[1m[2m  0.51 kB[22m[1m[22m
[2m.output/server/[22m[36m_chunks/ssr-renderer.mjs                         [39m[1m[2m  0.53 kB[22m[1m[22m
[2m.output/server/[22m[36m_ssr/PageHeader-BLcMc1hj.mjs                     [39m[1m[2m  0.62 kB[22m[1m[22m
[2m.output/server/[22m[36m_libs/internmap.mjs                              [39m[1m[2m  1.17 kB[22m[1m[22m
[2m.output/server/[22m[36m_libs/hookable.mjs                               [39m[1m[2m  1.18 kB[22m[1m[22m
[2m.output/server/[22m[36m_libs/victory-vendor.mjs                         [39m[1m[2m  1.45 kB[22m[1m[22m
[2m.output/server/[22m[36m_libs/cookie-es.mjs                              [39m[1m[2m  1.46 kB[22m[1m[22m
[2m.output/server/[22m[36m_libs/seroval-plugins.mjs                        [39m[1m[2m  1.47 kB[22m[1m[22m
[2m.output/server/[22m[36m_ssr/start-BM2dM3TI.mjs                          [39m[1m[2m  1.98 kB[22m[1m[22m
[2m.output/server/[22m[36m_ssr/useAlertStream-CWWCRT2l.mjs                 [39m[1m[2m  2.19 kB[22m[1m[22m
[2m.output/server/[22m[36m_libs/prop-types.mjs                             [39m[1m[2m  2.53 kB[22m[1m[22m
[2m.output/server/[22m[36m_libs/isbot.mjs                                  [39m[1m[2m  2.56 kB[22m[1m[22m
[2m.output/server/[22m[36m_ssr/index.mjs                                   [39m[1m[2m  3.32 kB[22m[1m[22m
[2m.output/server/[22m[36m_libs/d3-path.mjs                                [39m[1m[2m  3.36 kB[22m[1m[22m
[2m.output/server/[22m[36m_tanstack-start-manifest_v-CrpLMyUo.mjs          [39m[1m[2m  3.41 kB[22m[1m[22m
[2m.output/server/[22m[36m_libs/react-is.mjs                               [39m[1m[2m  4.11 kB[22m[1m[22m
[2m.output/server/[22m[36m_libs/d3-interpolate.mjs                         [39m[1m[2m  4.34 kB[22m[1m[22m
[2m.output/server/[22m[36m_ssr/login-7cnWEOXk.mjs                          [39m[1m[2m  5.21 kB[22m[1m[22m
[2m.output/server/[22m[36m_app.settings-BXCbrEOu.mjs                       [39m[1m[2m  5.50 kB[22m[1m[22m
[2m.output/server/[22m[36m_app.alerts-CprXul84.mjs                         [39m[1m[2m  5.93 kB[22m[1m[22m
[2m.output/server/[22m[36m_libs/tanstack__history.mjs                      [39m[1m[2m  5.99 kB[22m[1m[22m
[2m.output/server/[22m[36m_libs/eventemitter3.mjs                          [39m[1m[2m  6.52 kB[22m[1m[22m
[2m.output/server/[22m[36m_libs/unenv.mjs                                  [39m[1m[2m  6.60 kB[22m[1m[22m
[2m.output/server/[22m[36m_app.incidents-D3zoIYa2.mjs                      [39m[1m[2m  6.60 kB[22m[1m[22m
[2m.output/server/[22m[36m_libs/d3-array.mjs                               [39m[1m[2m  7.16 kB[22m[1m[22m
[2m.output/server/[22m[36m_app.dashboard-C_k6AqvI.mjs                      [39m[1m[2m  8.95 kB[22m[1m[22m
[2m.output/server/[22m[36m_app.monitoring-aGRB4ibo.mjs                     [39m[1m[2m  9.42 kB[22m[1m[22m
[2m.output/server/[22m[36m_libs/d3-format.mjs                              [39m[1m[2m  9.81 kB[22m[1m[22m
[2m.output/server/[22m[36m_libs/h3-v2.mjs                                  [39m[1m[2m 10.00 kB[22m[1m[22m
[2m.output/server/[22m[36m_app-MXPViTdi.mjs                                [39m[1m[2m 10.05 kB[22m[1m[22m
[2m.output/server/[22m[36m_libs/d3-color.mjs                               [39m[1m[2m 10.63 kB[22m[1m[22m
[2m.output/server/[22m[36m_libs/d3-time.mjs                                [39m[1m[2m 10.78 kB[22m[1m[22m
[2m.output/server/[22m[36m_app.users-WUVewwkb.mjs                          [39m[1m[2m 12.30 kB[22m[1m[22m
[2m.output/server/[22m[36m_libs/recharts-scale.mjs                         [39m[1m[2m 12.43 kB[22m[1m[22m
[2m.output/server/[22m[36m_libs/lucide-react.mjs                           [39m[1m[2m 13.67 kB[22m[1m[22m
[2m.output/server/[22m[36m_libs/fast-equals.mjs                            [39m[1m[2m 13.70 kB[22m[1m[22m
[2m.output/server/[22m[36m_libs/h3.mjs                                     [39m[1m[2m 14.34 kB[22m[1m[22m
[2m.output/server/[22m[36mindex.mjs                                        [39m[1m[2m 14.48 kB[22m[1m[22m
[2m.output/server/[22m[36m_app.uploads-BPAqVfRE.mjs                        [39m[1m[2m 15.40 kB[22m[1m[22m
[2m.output/server/[22m[36m_libs/d3-time-format.mjs                         [39m[1m[2m 18.50 kB[22m[1m[22m
[2m.output/server/[22m[36m_libs/react.mjs                                  [39m[1m[2m 19.51 kB[22m[1m[22m
[2m.output/server/[22m[36m_ssr/router-BzhK4LJ6.mjs                         [39m[1m[2m 22.03 kB[22m[1m[22m
[2m.output/server/[22m[36m_libs/d3-shape.mjs                               [39m[1m[2m 24.57 kB[22m[1m[22m
[2m.output/server/[22m[36m_libs/decimal.js-light.mjs                       [39m[1m[2m 26.70 kB[22m[1m[22m
[2m.output/server/[22m[36m_libs/d3-scale.mjs                               [39m[1m[2m 29.02 kB[22m[1m[22m
[2m.output/server/[22m[36m_libs/react-smooth.mjs                           [39m[1m[2m 38.16 kB[22m[1m[22m
[2m.output/server/[22m[36m_ssr/server-DEtRjZmq.mjs                         [39m[1m[2m 39.07 kB[22m[1m[22m
[2m.output/server/[22m[36m_libs/tanstack__react-router.mjs                 [39m[1m[2m 40.49 kB[22m[1m[22m
[2m.output/server/[22m[36m_libs/seroval.mjs                                [39m[1m[2m 48.10 kB[22m[1m[22m
[2m.output/server/[22m[36m_libs/tanstack__query-core.mjs                   [39m[1m[2m 54.58 kB[22m[1m[22m
[2m.output/server/[22m[36m_libs/sonner.mjs                                 [39m[1m[2m 56.10 kB[22m[1m[22m
[2m.output/server/[22m[36m_libs/lodash.mjs                                 [39m[1m[2m113.25 kB[22m[1m[22m
[2m.output/server/[22m[36m_libs/tanstack__router-core.mjs                  [39m[1m[2m159.02 kB[22m[1m[22m
[2m.output/server/[22m[36m_libs/react-dom.mjs                              [39m[1m[2m499.23 kB[22m[1m[22m
[2m.output/server/[22m[36m_libs/recharts.mjs                               [39m[1m[33m502.37 kB[39m[22m
[32mΓ£ô built in 24.94s[39m
[90m[[90mnitro[90m][39m [36mΓä╣[39m Using auto generated worker name: [36mgoddics-autonomous-security-alert-system-09954cd0[39m
[36mΓä╣[39m Generated [36m.output/server/wrangler.json[39m
[36mΓä╣[39m Generated [36m.wrangler/deploy/config.json[39m
[36mΓä╣[39m Generated [36m.output/public/_headers[39m
[36mΓä╣[39m Generated [36m.output/nitro.json[39m

[90m[[90mnitro[90m][39m [32mΓ£ö[39m You can preview this build using [36mnpx vite preview[39m
[90m[[90mnitro[90m][39m [32mΓ£ö[39m You can deploy this build using [36mnpx nitro deploy --prebuilt[39m
